────────────────── Finish Collection — 3 remaining segments ───────────────────
Segments: 3  |  Cap: 300  |  Source: Overpass

────────────────────────────── NL / Real Estate ───────────────────────────────
  [  1] overpass     Vlieg
  [  2] overpass     Dupree Makelaar
  [  3] overpass     Makelaardij van den Berg
  [  4] overpass     Peter Deen
  [  5] overpass     Michiel van Maanen
  [  6] overpass     Mooijekind Vleut Makelaars Haarlem
  [  7] overpass     Oosting
  [  8] overpass     Hup en Fidom
  [  9] overpass     Van't Hof Rijnland
  [ 10] overpass     Gerro de Boer Makelaardij & Taxaties B.V.
  [ 11] overpass     Makelaardij Sneek
  [ 12] overpass     Van Pas Makelaars
  [ 13] overpass     Appel & Fris Makelaars
  [ 14] overpass     Van Regteren
  [ 15] overpass     LAM Makelaars
  [ 16] overpass     Noordstad Groep
  [ 17] overpass     Post Makelaardij
  [ 18] overpass     Van Scherpenzeel
  [ 19] overpass     Randmeer Makelaars
  [ 20] overpass     Makelaar Van Ek Garantiemakelaars BV
  [ 21] overpass     Makelaardij aefect
  [ 22] overpass     Zuurbier Makelaardij
  [ 23] overpass     De Hypotheekshop
  [ 24] overpass     Reinerie
  [ 25] overpass     At Home in Utrecht
  [ 26] overpass     van Leeuwen Makelaardij
  [ 27] overpass     John Driessens Makelaardij
  [ 28] overpass     Succesmakkelaars
  [ 29] overpass     Noordam
  [ 30] overpass     Melior
  [ 31] overpass     Fris Wonen
  [ 32] overpass     Tel Krop Makelaars
  [ 33] overpass     Bronsvoord
  [ 34] overpass     A7 makelaars
  [ 35] overpass     Makelaardij Hoekstra
  [ 36] overpass     Peelrand Makelaardij
  [ 37] overpass     JIP makelaars
  [ 38] overpass     Heren van Snoek
  [ 39] overpass     Hettema Adema
  [ 40] overpass     Jonkers Vastgoed
  [ 41] overpass     Admono Makelaars
  [ 42] overpass     Maxx Vastgoed
  [ 43] overpass     Uw VBO Makelaar
  [ 44] overpass     Van Riezen
  [ 45] overpass     Huis van Verhuur
  [ 46] overpass     Ten Brinke
  [ 47] overpass     Van Wonen
  [ 48] overpass     Deltawonen woningstichting
  [ 49] overpass     Van Amerom Makelaardij
  [ 50] overpass     Muller
  [ 51] overpass     Woonfabriek
  [ 52] overpass     Margadant
  [ 53] overpass     Lenferink Groep
  [ 54] overpass     Boekenrode
  [ 55] overpass     Edwin van Vilsteren makelaardij
  [ 56] overpass     De Graaf van Vilsteren
  [ 57] overpass     Bij Barbel
  [ 58] overpass     Ten Hag Makelaars
  [ 59] overpass     Van der Hoek Makelaardij
  [ 60] overpass     Van Der Linden Makelaardij
  [ 61] overpass     Boertjes Horst
  [ 62] overpass     Posthuis
  [ 63] overpass     Veltkamp & Stam Admono Makelaars
  [ 64] overpass     Salland Makelaardij
  [ 65] overpass     Makelaardij Bosch
  [ 66] overpass     Hypotheekadvies Wolvega
  [ 67] overpass     De Woudenhof
  [ 68] overpass     Isaak Makelaardij
  [ 69] overpass     Ooms
  [ 70] overpass     Dekkers de Groot
  [ 71] overpass     Wolters Housing
  [ 72] overpass     Reichman & Rommelaar
  [ 73] overpass     Estatum
  [ 74] overpass     De Hypotheekshop / Van Dullink
  [ 75] overpass     van Dullink
  [ 76] overpass     Immobilia
  [ 77] overpass     Fundament
  [ 78] overpass     3B Makelaardij
  [ 79] overpass     Makelaardij Mouthaan
  [ 80] overpass     Programmabureau Rijswijk Buiten
  [ 81] overpass     Morris
  [ 82] overpass     Van Gulden Makelaardij
  [ 83] overpass     Van Leerdam
  [ 84] overpass     Van Daal makelaardij
  [ 85] overpass     Roepman Makelaardij
  [ 86] overpass     Oviron
  [ 87] overpass     Lammers
  [ 88] overpass     Holland Huis
  [ 89] overpass     Rebel
  [ 90] overpass     Business Connect
  [ 91] overpass     Schieland Borsboom
  [ 92] overpass     Van Brero & Breugem
  [ 93] overpass     Van 't Hof
  [ 94] overpass     Verlaan
  [ 95] overpass     De Drie Kastelen
  [ 96] overpass     Van As Makelaardij
  [ 97] overpass     Nivita Makelaars O. G.
  [ 98] overpass     Dennis de Makelaar
  [ 99] overpass     Uw Makelaar
  [100] overpass     Briq
  [101] overpass     Makelaar-Taxateur Marcel Leferink
  [102] overpass     Dirk van der Houwen Makelaardij
  [103] overpass     Wildeboer Hypotheken
  [104] overpass     Ruseler makelaars
  [105] overpass     Portaal
  [106] overpass     Koning Aankoopmakelaars
  [107] overpass     Dijksman & Partners
  [108] overpass     Iets Anders Makelaars
  [109] overpass     Bonthuijs Vaartjes
  [110] overpass     Herman van As
  [111] overpass     Nijland Makelaars
  [112] overpass     Ditters
  [113] overpass     Margitte Schoof
  [114] overpass     Telman & Van Leeuwen Makelaars
  [115] overpass     De Bos makelaardij o.g. B.V.
  [116] overpass     VIJF Makelaars
  [117] overpass     Grifhorst
  [118] overpass     Paul Dijkstra
  [119] overpass     Ons Hoes
  [120] overpass     Kempers Makelaardij
  [121] overpass     Thoma van Dijk Siebelink Makelaars
  [122] overpass     SWD
  [123] overpass     Paul Thijssen
  [124] overpass     Makelaardij Utrecht
  [125] overpass     Start Housing
  [126] overpass     Rotsvast
  [127] overpass     Makelaardij Wonen in Utrecht
  [128] overpass     De Keizer
  [129] overpass     Pomme & Partners B.V.
  [130] overpass     Ludenhoff Makelaars
  [131] overpass     Kiers Vastgoed Etalage
  [132] overpass     Amerstad makelaar
  [133] overpass     Wonen Boven Winkels Deventer
  [134] overpass     Hunink & Holtrigter
  [135] overpass     Drenth Makelaars
  [136] overpass     NederWoon Verhuurmakelaars
  [137] overpass     MVGM
  [138] overpass     Namaco
  [139] overpass     Nederwoon
  [140] overpass     Huis en Zekerheid Makelaardij
  [141] overpass     Govaert
  [142] overpass     Koningsstede
  [143] overpass     Van Vliet Makelaardij O.G.
  [144] overpass     Tijmen Kroes
  [145] overpass     Mennink Makelaars
  [146] overpass     Rodenburg Makelaars
  [147] overpass     Allround Vastgoed
  [148] overpass     Mulderij
  [149] overpass     Hunink & Holtrigter Woning- en Bedrijfsmakelaars
  [150] overpass     uniek
  [151] overpass     Bouwhuis Groep
  [152] overpass     WBA
  [153] overpass     Ons Huis
  [154] overpass     Kruithof Makelaardij
  [155] overpass     Adero Makelaardij
  [156] overpass     Buurman
  [157] overpass     Van Laarhoven Makelaardij
  [158] overpass     Kiers Vastgoed
  [159] overpass     Reinerie garantiemakelaars Amersfoort
  [160] overpass     Rijnstaete Makelaardij
  [161] overpass     De Huizenbeurs
  [162] overpass     Perdijk
  [163] overpass     Gouwestad Makelaardij
  [164] overpass     Dupree Makelaars
  [165] overpass     De Pater Makelaardij
  [166] overpass     Grandia
  [167] overpass     Brix Makelaars
  [168] overpass     Emil NVM Makelaars
  [169] overpass     Meijs & Alink 49
  [170] overpass     De Bruyn en Tak
  [171] overpass     Mares Makelaars
  [172] overpass     De Wekker Makelaardij
  [173] overpass     Van der Togt Makelaardij
  [174] overpass     Van Paaschen
  [175] overpass     Interhouse
  [176] overpass     Van der Laan
  [177] overpass     Hello Housing
  [178] overpass     Langezaal
  [179] overpass     Agterdenbosch NVM Makelaars
  [180] overpass     C&D Makelaardij
  [181] overpass     Makelaardij WVK
  [182] overpass     Van Ekeren Kuiper
  [183] overpass     Sallandse Huizen
  [184] overpass     Woonstichting VechtHorst
  [185] overpass     Jeanette Visscher
  [186] overpass     Fleury Vastgoed
  [187] overpass     Jan Huisman Makelaardij
  [188] overpass     Cornerstone Vastgoed
  [189] overpass     Mooijekind Vleut
  [190] overpass     Bloemendal makelaardij
  [191] overpass     iQ Makelaars Vechtdal
  [192] overpass     Fokke
  [193] overpass     Blijhuis makelaardij
  [194] overpass     Wilburg makelaars
  [195] overpass     Your house
  [196] overpass     Makelaardij Stek
  [197] overpass     Röttgering Makelaars
  [198] overpass     De Ruyters Makelaardij
  [199] overpass     ARE Makelaars
  [200] overpass     Van Engelen Makelaars
  [201] overpass     JSR
  [202] overpass     Mooijekind-Vleut-Makelaars
  [203] overpass     PUUR* makelaars
  [204] overpass     Bos Makelaardij
  [205] overpass     Wouter Makelaardij
  [206] overpass     RE/MAX
  [207] overpass     Van Lieshout Kruize Makelaars
  [208] overpass     B2 Makelaars & Taxateurs
  [209] overpass     Fastgoed
  [210] overpass     De Huizenbemiddelaar Haaglanden
  [211] overpass     BaytiBayti
  [212] overpass     MOZA
  [213] overpass     Han
  [214] overpass     Kroon van Diest makelaars
  [215] overpass     Huizenstede Makelaars
  [216] overpass     Cirkel Makelaars
  [217] overpass     VK Makelaars & Taxateurs
  [218] overpass     Hugtenburg & De Vries
  [219] overpass     Casa Haarlem
  [220] overpass     Van Waalwijk Van Doorn
  [221] overpass     Schouwenhaghe Makelaarsgroep B.V.
  [222] overpass     Gravestate Makelaardij
  [223] overpass     Remmerswaal Makelaardij
  [224] overpass     Welp Makelaardij B.V.
  [225] overpass     Buise van Soest Makelaars
  [226] overpass     Peek & Pompe
  [227] overpass     Puur
  [228] overpass     Van Baal Makelaardij
  [229] overpass     Rijnland Makelaars
  [230] overpass     Spitman Makelaar Arnhem
  [231] overpass     88 Makelaars
  [232] overpass     PUUR Makelaars
  [233] overpass     Borgdorff
  [234] overpass     Korporaal & Bertels
  [235] overpass     Koch Real Estate
  [236] overpass     Easy Room
  [237] overpass     Albayrak
  [238] overpass     Willemsen
  [239] overpass     Haagsche Wooncentrale
  [240] overpass     Huren in Den Haag
  [241] overpass     Makelaarshuys Kuyk van Oldeniel
  [242] overpass     Yuvam Makelaardij
  [243] overpass     Zeker Makelaars
  [244] overpass     Woon in Nederland
  [245] overpass     AC Real Estate
  [246] overpass     Joma
  [247] overpass     Lek en Waard Wonen
  [248] overpass     KB Makelaardij
  [249] overpass     Meesterschap Lachman
  [250] overpass     Willemszhoff Vastgoed
  [251] overpass     Floriande Makelaars
  [252] overpass     PCW Housing
  [253] overpass     B&F Makelaar 2.0
  [254] overpass     Real Estate Partners
  [255] overpass     Rent Valley
  [256] overpass     Avenir Vastgoed
  [257] overpass     Remax City Makelaardij
  [258] overpass     E Janson Makelaardij
  [259] overpass     Tettero & Wetters
  [260] overpass     Anna's Makelaardij
  [261] overpass     Vesting Vastgoed
  [262] overpass     The Hague Real Estate Agents
  [263] overpass     JJB Vastgoed
  [264] overpass     HFH
  [265] overpass     NassauHuis
  [266] overpass     Mevrouw de Aankoopmakelaar
  [267] overpass     RM Wonen
  [268] overpass     Oosterhof Makelaars
  [269] overpass     De Vries Robbé
  [270] overpass     Steinmetz De Kort
  [271] overpass     HVM Vastgoed
  [272] overpass     NL Wonen
  [273] overpass     Roscam Makelaar
  [274] overpass     Haaglandia Vastgoed Beheer
  [275] overpass     Veluwe Chalet Makelaars
  [276] overpass     Basis Bedrijfshuisvesting
  [277] overpass     Olsthoorn Makelaars
  [278] overpass     Lex Van Leeuwen Makelaars
  [279] overpass     Heikens-de Kort makelaardij
  [280] overpass     Van de Wiel Makelaardij
  [281] overpass     Hoksbergen
  [282] overpass     Deltawonen
  [283] overpass     Jip
  [284] overpass     Mevrouw Vastgoed
  [285] overpass     VSO Makelaars
  [286] overpass     Haag Wonen
  [287] overpass     Woonconcept
  [288] overpass     Van Ditshuizen
  [289] overpass     Hup & Fidom
  [290] overpass     Boelens Jorritsma Meppel
  [291] overpass     Roozeboom
  [292] overpass     Keijser & Drieman
  [293] overpass     ERA Hoofddorp
  [294] overpass     Bouka Makelaars
  [295] overpass     DTZ Zadelhoff
  [296] overpass     Schenk Makelaars
  [297] overpass     Makelaarshuijs Eikelenboom
  [298] overpass     Hoekstra en van Eck
  [299] overpass     Koophuis makelaars Nieuw-Vennep
  [300] overpass     Heemborgh Makelaars Nieuw-Vennep

  Discovered 300 companies
  Finding LinkedIn (batches of 30)…
    ✓ Vlieg                                          
https://www.linkedin.com/company/vlieg/
    – Dupree Makelaar                                
    – Peter Deen                                     
    – Makelaardij van den Berg                       
    – Mooijekind Vleut Makelaars Haarlem             
    – Michiel van Maanen                             
    – Oosting                                        
    – Hup en Fidom                                   
    – Van't Hof Rijnland                             
    – Gerro de Boer Makelaardij & Taxaties B.V.      
    – Van Pas Makelaars                              
    – Makelaardij Sneek                              
    – Appel & Fris Makelaars                         
    – Van Regteren                                   
    – LAM Makelaars                                  
    – Noordstad Groep                                
    – Post Makelaardij                               
    – Van Scherpenzeel                               
    – Randmeer Makelaars                             
    – Makelaardij aefect                             
    – Makelaar Van Ek Garantiemakelaars BV           
    – Zuurbier Makelaardij                           
    – De Hypotheekshop                               
    – Reinerie                                       
    – At Home in Utrecht                             
    – van Leeuwen Makelaardij                        
    – John Driessens Makelaardij                     
    – Noordam                                        
    – Succesmakkelaars                               
    ✓ Melior                                         
https://www.linkedin.com/company/melior/
  Batch 1/10 done
    – Fris Wonen                                     
    – Tel Krop Makelaars                             
    – Bronsvoord                                     
    – A7 makelaars                                   
    – Makelaardij Hoekstra                           
    – Peelrand Makelaardij                           
    ✓ JIP makelaars                                  
https://www.linkedin.com/company/jip-makelaars/
    – Heren van Snoek                                
    – Hettema Adema                                  
    – Jonkers Vastgoed                               
    – Admono Makelaars                               
    – Maxx Vastgoed                                  
    – Uw VBO Makelaar                                
    – Van Riezen                                     
    – Huis van Verhuur                               
    – Van Wonen                                      
    – Ten Brinke                                     
    – Deltawonen woningstichting                     
    ✓ Muller                                         
https://www.linkedin.com/company/muller/
    – Van Amerom Makelaardij                         
    – Margadant                                      
    – Woonfabriek                                    
    – Boekenrode                                     
    – Lenferink Groep                                
    – Edwin van Vilsteren makelaardij                
    – De Graaf van Vilsteren                         
    – Ten Hag Makelaars                              
    – Bij Barbel                                     
    – Van der Hoek Makelaardij                       
    ✓ Van Der Linden Makelaardij                     
https://www.linkedin.com/company/vanderlinden/
  Batch 2/10 done
    – Posthuis                                       
    – Boertjes Horst                                 
    – Veltkamp & Stam Admono Makelaars               
    – Salland Makelaardij                            
    – Makelaardij Bosch                              
    – Hypotheekadvies Wolvega                        
    – De Woudenhof                                   
    – Isaak Makelaardij                              
    – Ooms                                           
    – Dekkers de Groot                               
    – Wolters Housing                                
    – Reichman & Rommelaar                           
    – Estatum                                        
    – De Hypotheekshop / Van Dullink                 
    – van Dullink                                    
    ✓ Immobilia                                      
https://www.linkedin.com/company/immobilia/
    – Fundament                                      
    – Makelaardij Mouthaan                           
    – 3B Makelaardij                                 
    – Programmabureau Rijswijk Buiten                
    – Van Gulden Makelaardij                         
    – Morris                                         
    – Van Leerdam                                    
    – Van Daal makelaardij                           
    – Oviron                                         
    – Roepman Makelaardij                            
    – Lammers                                        
    – Holland Huis                                   
    – Rebel                                          
    – Business Connect                               
  Batch 3/10 done
    – Schieland Borsboom                             
    – Van Brero & Breugem                            
    – Van 't Hof                                     
    – Verlaan                                        
    – De Drie Kastelen                               
    – Van As Makelaardij                             
    – Nivita Makelaars O. G.                         
    – Dennis de Makelaar                             
    – Uw Makelaar                                    
    – Briq                                           
    – Makelaar-Taxateur Marcel Leferink              
    – Dirk van der Houwen Makelaardij                
    – Wildeboer Hypotheken                           
    – Ruseler makelaars                              
    – Portaal                                        
    – Koning Aankoopmakelaars                        
    – Dijksman & Partners                            
    – Iets Anders Makelaars                          
    – Bonthuijs Vaartjes                             
    – Herman van As                                  
    – Nijland Makelaars                              
    – Ditters                                        
    – Margitte Schoof                                
    – Telman & Van Leeuwen Makelaars                 
    – De Bos makelaardij o.g. B.V.                   
    – VIJF Makelaars                                 
    – Grifhorst                                      
    – Paul Dijkstra                                  
    – Ons Hoes                                       
    – Kempers Makelaardij                            
  Batch 4/10 done
    ✓ Thoma van Dijk Siebelink Makelaars             
https://www.linkedin.com/company/thoma-van-dijk-siebelink-makelaars/
    – SWD                                            
    – Paul Thijssen                                  
    – Makelaardij Utrecht                            
    ✓ Rotsvast                                       
https://www.linkedin.com/company/rotsvast/
    – Start Housing                                  
    – Makelaardij Wonen in Utrecht                   
    – De Keizer                                      
    – Pomme & Partners B.V.                          
    – Ludenhoff Makelaars                            
    – Kiers Vastgoed Etalage                         
    – Amerstad makelaar                              
    – Wonen Boven Winkels Deventer                   
    – Hunink & Holtrigter                            
    – Drenth Makelaars                               
    – NederWoon Verhuurmakelaars                     
    – MVGM                                           
    – Namaco                                         
    – Nederwoon                                      
    – Huis en Zekerheid Makelaardij                  
    – Govaert                                        
    – Koningsstede                                   
    – Van Vliet Makelaardij O.G.                     
    – Tijmen Kroes                                   
    – Mennink Makelaars                              
    – Rodenburg Makelaars                            
    – Allround Vastgoed                              
    – Mulderij                                       
    – Hunink & Holtrigter Woning- en Bedrijfsmakela  
    – uniek                                          
  Batch 5/10 done
    – WBA                                            
    – Bouwhuis Groep                                 
    – Ons Huis                                       
    – Kruithof Makelaardij                           
    – Adero Makelaardij                              
    – Buurman                                        
    – Van Laarhoven Makelaardij                      
    ✓ Reinerie garantiemakelaars Amersfoort          
https://www.linkedin.com/company/reinerie-garantiemakelaars-amersfoort/
    – Kiers Vastgoed                                 
    – De Huizenbeurs                                 
    – Rijnstaete Makelaardij                         
    – Perdijk                                        
    – Gouwestad Makelaardij                          
    – Dupree Makelaars                               
    – De Pater Makelaardij                           
    – Grandia                                        
    – Brix Makelaars                                 
    – Emil NVM Makelaars                             
    – Meijs & Alink 49                               
    ✓ Mares Makelaars                                
https://www.linkedin.com/company/mares-makelaars/
    – De Bruyn en Tak                                
    – De Wekker Makelaardij                          
    – Van der Togt Makelaardij                       
    – Van Paaschen                                   
    – Interhouse                                     
    – Van der Laan                                   
    – Hello Housing                                  
    – Langezaal                                      
    – Agterdenbosch NVM Makelaars                    
    – C&D Makelaardij                                
  Batch 6/10 done
    – Makelaardij WVK                                
    – Van Ekeren Kuiper                              
    ✓ Woonstichting VechtHorst                       
https://www.linkedin.com/company/woonstichting-vechthorst/
    – Sallandse Huizen                               
    – Jeanette Visscher                              
    – Fleury Vastgoed                                
    – Jan Huisman Makelaardij                        
    – Cornerstone Vastgoed                           
    – Mooijekind Vleut                               
    – Bloemendal makelaardij                         
    – iQ Makelaars Vechtdal                          
    – Fokke                                          
    – Blijhuis makelaardij                           
    – Wilburg makelaars                              
    – Your house                                     
    – Makelaardij Stek                               
    – Röttgering Makelaars                           
    ✓ ARE Makelaars                                  
https://www.linkedin.com/company/are/
    – De Ruyters Makelaardij                         
    – Van Engelen Makelaars                          
    – JSR                                            
    – Mooijekind-Vleut-Makelaars                     
    – PUUR* makelaars                                
    – Bos Makelaardij                                
    – Wouter Makelaardij                             
    – RE/MAX                                         
    – Van Lieshout Kruize Makelaars                  
    – B2 Makelaars & Taxateurs                       
    – Fastgoed                                       
    – De Huizenbemiddelaar Haaglanden                
  Batch 7/10 done
    – BaytiBayti                                     
    – MOZA                                           
    – Han                                            
    ✓ Huizenstede Makelaars                          
https://www.linkedin.com/company/huizenstede-makelaars/
    – Kroon van Diest makelaars                      
    ✓ VK Makelaars & Taxateurs                       
https://www.linkedin.com/company/vkmakelaars/
    – Cirkel Makelaars                               
    – Hugtenburg & De Vries                          
    – Casa Haarlem                                   
    ✓ Van Waalwijk Van Doorn                         
https://www.linkedin.com/company/wado/
    – Schouwenhaghe Makelaarsgroep B.V.              
    – Gravestate Makelaardij                         
    – Remmerswaal Makelaardij                        
    – Welp Makelaardij B.V.                          
    – Buise van Soest Makelaars                      
    – Peek & Pompe                                   
    – Puur                                           
    – Van Baal Makelaardij                           
    – Rijnland Makelaars                             
    – Spitman Makelaar Arnhem                        
    – 88 Makelaars                                   
    – PUUR Makelaars                                 
    – Borgdorff                                      
    – Korporaal & Bertels                            
    – Koch Real Estate                               
    – Easy Room                                      
    – Albayrak                                       
    – Willemsen                                      
    – Haagsche Wooncentrale                          
    – Huren in Den Haag                              
  Batch 8/10 done
    – Makelaarshuys Kuyk van Oldeniel                
    – Yuvam Makelaardij                              
    – Zeker Makelaars                                
    – Woon in Nederland                              
    – AC Real Estate                                 
    – Joma                                           
    – Lek en Waard Wonen                             
    – KB Makelaardij                                 
    – Meesterschap Lachman                           
    – Willemszhoff Vastgoed                          
    ✓ PCW Housing                                    
https://www.linkedin.com/company/pcw-housing/
    – Floriande Makelaars                            
    – B&F Makelaar 2.0                               
    – Real Estate Partners                           
    – Rent Valley                                    
    – Avenir Vastgoed                                
    – Remax City Makelaardij                         
    – E Janson Makelaardij                           
    – Tettero & Wetters                              
    – Anna's Makelaardij                             
    – Vesting Vastgoed                               
    – The Hague Real Estate Agents                   
    – JJB Vastgoed                                   
    – HFH                                            
    – NassauHuis                                     
    – Mevrouw de Aankoopmakelaar                     
    – RM Wonen                                       
    – Oosterhof Makelaars                            
    – De Vries Robbé                                 
    – Steinmetz De Kort                              
  Batch 9/10 done
    – NL Wonen                                       
    – HVM Vastgoed                                   
    – Roscam Makelaar                                
    – Haaglandia Vastgoed Beheer                     
    – Veluwe Chalet Makelaars                        
    – Basis Bedrijfshuisvesting                      
    – Olsthoorn Makelaars                            
    – Lex Van Leeuwen Makelaars                      
    – Heikens-de Kort makelaardij                    
    – Van de Wiel Makelaardij                        
    – Hoksbergen                                     
    – Deltawonen                                     
    – Jip                                            
    – Mevrouw Vastgoed                               
    – VSO Makelaars                                  
    – Haag Wonen                                     
    – Woonconcept                                    
    – Van Ditshuizen                                 
    – Hup & Fidom                                    
    – Boelens Jorritsma Meppel                       
    – Roozeboom                                      
    – Keijser & Drieman                              
    ✓ Bouka Makelaars                                
https://www.linkedin.com/company/bouka-makelaars/
    – ERA Hoofddorp                                  
    – DTZ Zadelhoff                                  
    ✓ Makelaarshuijs Eikelenboom                     
https://www.linkedin.com/company/makelaarshuijs-eikelenboom/
    – Schenk Makelaars                               
    – Hoekstra en van Eck                            
    – Koophuis makelaars Nieuw-Vennep                
    – Heemborgh Makelaars Nieuw-Vennep               
  Batch 10/10 done

  LinkedIn found: 18/300
  Saved 300 new leads
  CSV → leads_export\leads_NL_Real_Estate.csv

────────────────────────────── IT / Real Estate ───────────────────────────────
  [  1] overpass     Tecnorete
  [  2] overpass     Fondocasa Lorenteggio
  [  3] overpass     Milanino Agency
  [  4] overpass     Capannone Arancione
  [  5] overpass     Dolomiti
  [  6] overpass     RexerMilano Primaticcio
  [  7] overpass     immobiliare Peschiera
  [  8] overpass     Professionecasa
  [  9] overpass     Professione Casa
  [ 10] overpass     Immobiliare Zeni
  [ 11] overpass     Vincenzo Paoletti Immobiliare
  [ 12] overpass     Studio Casa
  [ 13] overpass     Immobiliare Pianeta Casa Sinergy
  [ 14] overpass     Tempocasa
  [ 15] overpass     Puntocasa
  [ 16] overpass     Domus Immobiliare
  [ 17] overpass     Tecnocasa
  [ 18] overpass     Benaco Intermediazioni Srl
  [ 19] overpass     Immobiliare Lago di Garda Srl
  [ 20] overpass     Perolini - Affitti Appartamenti Stagionali
  [ 21] overpass     MilanHouses
  [ 22] overpass     Agenzia immobiliare Studio Champoluc
  [ 23] overpass     Bonetto Immobiliare
  [ 24] overpass     Immobiliare Monvalle
  [ 25] overpass     Istituto Immobiliare Lombardo
  [ 26] overpass     Tecno Immobiliare
  [ 27] overpass     Futura Elicasa Immobiliare
  [ 28] overpass     Graziato Immobiliare
  [ 29] overpass     Ares Immobiliare
  [ 30] overpass     Soluzione Casa
  [ 31] overpass     Artecasa
  [ 32] overpass     Casa & Co.
  [ 33] overpass     Crema Immobiliare
  [ 34] overpass     Adriatica
  [ 35] overpass     Immobiliare Fermi
  [ 36] overpass     Espansione
  [ 37] overpass     Arianna
  [ 38] overpass     Agenzia Torre Verde
  [ 39] overpass     Agenzia Immobiliare Cles
  [ 40] overpass     Agenzia Immobiliare Fassa
  [ 41] overpass     Torre Verde
  [ 42] overpass     Devigigli Immobiliari
  [ 43] overpass     Chiocciola Immobiliare
  [ 44] overpass     TecnoImmobiliare
  [ 45] overpass     Prima casa
  [ 46] overpass     Coletti Casa
  [ 47] overpass     Joint
  [ 48] overpass     Prestige immobiliare
  [ 49] overpass     Personal Real estate
  [ 50] overpass     Centro immobiliare
  [ 51] overpass     Meeting Casa
  [ 52] overpass     Cooperativa Forlivese di Edificazione
  [ 53] overpass     Intermedia Immobiliare
  [ 54] overpass     Banca Immobiliare
  [ 55] overpass     SpazioCasa Forlì
  [ 56] overpass     La Vela
  [ 57] overpass     Domus & Finance
  [ 58] overpass     Agenzia immobiliare Dintorni
  [ 59] overpass     Zentari
  [ 60] overpass     Redivo
  [ 61] overpass     Immobiliare Alpina
  [ 62] overpass     Marchiori & Contino
  [ 63] overpass     Immobiliare Serani
  [ 64] overpass     Stimacasa
  [ 65] overpass     Torre Verde Immobiliari
  [ 66] overpass     Taloni
  [ 67] overpass     Lakeside Realestate
  [ 68] overpass     TrentoCasa
  [ 69] overpass     B.A.I.T.A. - Belle Abitazioni In Tutta Ayas
  [ 70] overpass     Fondocasa
  [ 71] overpass     Remax
  [ 72] overpass     Castle Immobiliare
  [ 73] overpass     Caricasa
  [ 74] overpass     Stefy Immobiliare
  [ 75] overpass     Lidense Immobiliare
  [ 76] overpass     Immobiliare Mansuino
  [ 77] overpass     P.S Mediazioni e servizi immobiliari
  [ 78] overpass     Arte di Abitare
  [ 79] overpass     Nicola Zucca
  [ 80] overpass     L'Ambrosiana
  [ 81] overpass     Studio Casale di Lorenzo Arrigoni & C.
  [ 82] overpass     Agenzia Mediterranea
  [ 83] overpass     Immobiliare Gandolfo
  [ 84] overpass     Vettori Immobilien
  [ 85] overpass     Studio Antey sas
  [ 86] overpass     Immobiliare Guglie
  [ 87] overpass     Tecnocasa affiliato
  [ 88] overpass     Solo Affitti
  [ 89] overpass     Altavista
  [ 90] overpass     Agenzia Immobiliare Cortesi
  [ 91] overpass     House Immobiliare
  [ 92] overpass     Rexer
  [ 93] overpass     051 immobiliare
  [ 94] overpass     Effegi Gruppo Immobiliare
  [ 95] overpass     Obiettivo Casa
  [ 96] overpass     Gruppo immobiliare Livorno
  [ 97] overpass     La Casa
  [ 98] overpass     Agenzia La Pineta
  [ 99] overpass     Homes Conegliano
  [100] overpass     Lodigiana Case
  [101] overpass     Gallery Immobiliare
  [102] overpass     Pitieffe Case
  [103] overpass     Immobiliare House
  [104] overpass     Istituto Immobiliare di Roma
  [105] overpass     immobiliare Domizil
  [106] overpass     Miriam Immobiliare
  [107] overpass     Rotunno Immobiliare
  [108] overpass     agenzia edilucerna
  [109] overpass     18Montenapoleone
  [110] overpass     Casa Mia
  [111] overpass     Ellebi
  [112] overpass     Euro 3 Immobiliare
  [113] overpass     So.Ge.Co
  [114] overpass     Alpina immobiliare
  [115] overpass     Costantino Immobiliare
  [116] overpass     Agenzia Immobiliare Angelini
  [117] overpass     Toscano
  [118] overpass     L'Attiko
  [119] overpass     Milano Servizi Immobiliari
  [120] overpass     Cuneovalli Immobiliare
  [121] overpass     Aurimmobil
  [122] overpass     MB Immobiliare
  [123] overpass     Casa della Rosa
  [124] overpass     gb Immobiliare
  [125] overpass     MediaCasa
  [126] overpass     Geo Immobiliare
  [127] overpass     Castello Immobiliare
  [128] overpass     Immobiliare Le Torri
  [129] overpass     Agenzia immobiliare Tempocasa
  [130] overpass     Riviera Blu Agenzia Immobiliare
  [131] overpass     Edilcasa
  [132] overpass     DeaCasa
  [133] overpass     Five Consulting Srl
  [134] overpass     Casa e Servizio
  [135] overpass     Immobiliare Europa
  [136] overpass     Guerrazzi Immobiliare
  [137] overpass     Regionale Costruzioni e Impianti S.n.c. di M. e M.
  [138] overpass     Casa Amica
  [139] overpass     Abita
  [140] overpass     Le Case del Lago
  [141] overpass     SedeCasa
  [142] overpass     Tonzuso
  [143] overpass     American agency
  [144] overpass     Studio Paoli
  [145] overpass     Immobiliare Segalerba
  [146] overpass     Nuova Levante Casa | Agenzia Immobiliare a Lavagna
  [147] overpass     WS Group
  [148] overpass     Area Platinum
  [149] overpass     Immobiliare i90
  [150] overpass     Gabetti
  [151] overpass     Royal
  [152] overpass     Etna Real Estate
  [153] overpass     SOGIM
  [154] overpass     Errecicasa
  [155] overpass     Engel & Völkers
  [156] overpass     Ruggieri Case
  [157] overpass     Ms Immobiliare
  [158] overpass     Agenzia Neve
  [159] overpass     Cerchiara
  [160] overpass     La Lombarda
  [161] overpass     Interaffari Immobiliare
  [162] overpass     Real Immobiliare
  [163] overpass     Gallarotti
  [164] overpass     Bassi Immobiliare
  [165] overpass     Grimaldi Immobiliare
  [166] overpass     Immobiliare Casa e Vacanze
  [167] overpass     Immobiliare Domus
  [168] overpass     .edilintesa
  [169] overpass     Serenissima Immobiliare
  [170] overpass     Immobil Group
  [171] overpass     Mondo Casa
  [172] overpass     Acropoli Immobiliare
  [173] overpass     Immobiliare Roero
  [174] overpass     Studio Immobiliare Rossoni
  [175] overpass     Optima
  [176] overpass     Faby Immobiliare
  [177] overpass     Primacasa
  [178] overpass     Il sogno immobiliare
  [179] overpass     l'Arca Immobiliare
  [180] overpass     Centrocasa
  [181] overpass     Olimpia s.r.l.
  [182] overpass     Casa elite
  [183] overpass     Holidays S.r.l.
  [184] overpass     Elios Immobiliare
  [185] overpass     MyA Casa
  [186] overpass     d-Casa
  [187] overpass     One Real Estate
  [188] overpass     Immobiliare
  [189] overpass     Rossi Immobiliare
  [190] overpass     Generazione Casa
  [191] overpass     Vendi casa con me
  [192] overpass     Dm soluzioni
  [193] overpass     Rete Immobiliare
  [194] overpass     Studio Zara
  [195] overpass     Royal case
  [196] overpass     Oberrauch KG
  [197] overpass     Centro Affitti
  [198] overpass     FondoCasa Pavia1
  [199] overpass     M Erre Immobiliare
  [200] overpass     Intercasa
  [201] overpass     Immobiliare "Prima Casa"
  [202] overpass     Immobiliare Eurocasa
  [203] overpass     Versal
  [204] overpass     Immobili e Immobili
  [205] overpass     Tecnorete - Bussolengo 3 S.r.l.
  [206] overpass     Easy and House
  [207] overpass     Immobiliare Piasente
  [208] overpass     AffittiIn
  [209] overpass     Vendofacile
  [210] overpass     Immobiliare Studio 5
  [211] overpass     FondImmobiliare
  [212] overpass     Studio Idea Casa
  [213] overpass     Soluzione Immobiliare
  [214] overpass     Studio Valchiusella
  [215] overpass     Prealpina
  [216] overpass     Immobiliare S.Pietro
  [217] overpass     Venezia
  [218] overpass     Immobiliare San Giorgio
  [219] overpass     La Casa Verde
  [220] overpass     Studio San Giorgio
  [221] overpass     Monza Centro
  [222] overpass     SM Immobiliare
  [223] overpass     Il Sole
  [224] overpass     Mediaffitti
  [225] overpass     Lattanzio Immobiliare
  [226] overpass     Italia Affitti
  [227] overpass     Agenzia Monte & Mare
  [228] overpass     San Martino immobiliare
  [229] overpass     Art Gestioni
  [230] overpass     EuroCompass
  [231] overpass     Agenzia Immobiliare Rivadossi
  [232] overpass     Immobilienagentur Spiss
  [233] overpass     Abitare le Marche
  [234] overpass     Bardoimmobiliare
  [235] overpass     Immobiliare Briante
  [236] overpass     Ballantini Paola
  [237] overpass     L'arte di abitare
  [238] overpass     Immobiliare Il Borgo
  [239] overpass     Immobiliare Pianezza
  [240] overpass     Abitare Sas
  [241] overpass     Quadrifoglio immobiliare
  [242] overpass     Il Metroquadro
  [243] overpass     Studio Turotti
  [244] overpass     Kìron
  [245] overpass     Monza Case
  [246] overpass     BauFix
  [247] overpass     SELIMEX Immobilien
  [248] overpass     Immobiliare Sanna s.r.l.
  [249] overpass     Agenzia Spadoni
  [250] overpass     A. Gasperini
  [251] overpass     Property
  [252] overpass     Pedrotti immobiliare
  [253] overpass     L'Accordo Immobiliare
  [254] overpass     Nordnet
  [255] overpass     Agenzia Immobiliare Tharros
  [256] overpass     Pinna e Brunzu
  [257] overpass     Agenzia Viaggi Beraldi
  [258] overpass     Andromeda Immobiliare
  [259] overpass     cècasa
  [260] overpass     Agenzia Immobiliare Ragagnin Di Mario Ragagnin
  [261] overpass     Urbanlife immobiliare
  [262] overpass     Investimenti Immobiliari d.i.
  [263] overpass     Agenzia immobiliare Sansoni
  [264] overpass     Pica Immobiliare
  [265] overpass     Studio Castelli
  [266] overpass     Immobiliando
  [267] overpass     ERRE servizi immobiliari
  [268] overpass     Urban Immobiliare
  [269] overpass     ItalAgency
  [270] overpass     Studiocasa
  [271] overpass     Bonatesta Immobiliare Studio Associato
  [272] overpass     Mavrefin
  [273] overpass     Fondo Casa
  [274] overpass     Studio Immobiliare
  [275] overpass     R.A.MO.
  [276] overpass     Immobiliare Bassini
  [277] overpass     Tempocasa Seveso
  [278] overpass     Immobilgreen
  [279] overpass     Agenzia Immobiliare Campostrini
  [280] overpass     Magic Life Immobiliare
  [281] overpass     Iconacasa
  [282] overpass     Vitale Immobiliare
  [283] overpass     ValPrino
  [284] overpass     Bicocca Point
  [285] overpass     Immobiliare Frontini
  [286] overpass     Agenzia Immobiliare Trezza - Sede centrale
  [287] overpass     Agenzia Immobiliare Centocase
  [288] overpass     Guerzoni
  [289] overpass     Castrum Tuscany
  [290] overpass     Immobiliare New Interhouse
  [291] overpass     Studio Ca' bella
  [292] overpass     Tecnorete Borgo Trieste
  [293] overpass     Parametrocasa - Agenzia Monza Triante
  [294] overpass     Radovix
  [295] overpass     Topinvest Immobilien
  [296] overpass     Retecasa

  Discovered 296 companies
  Finding LinkedIn (batches of 30)…
    – Tecnorete                                      
    – Fondocasa Lorenteggio                          
    ✓ Capannone Arancione                            
https://www.linkedin.com/company/capannone-arancione/
    – Milanino Agency                                
    – Dolomiti                                       
    – RexerMilano Primaticcio                        
    – immobiliare Peschiera                          
    – Professionecasa                                
    – Professione Casa                               
    – Immobiliare Zeni                               
    ✓ Studio Casa                                    
https://www.linkedin.com/company/studio-ca/
    – Vincenzo Paoletti Immobiliare                  
    – Immobiliare Pianeta Casa Sinergy               
    – Tempocasa                                      
    – Puntocasa                                      
    ✓ Tecnocasa                                      
https://www.linkedin.com/company/tecnoca/
    – Domus Immobiliare                              
    – Benaco Intermediazioni Srl                     
    – Immobiliare Lago di Garda Srl                  
    – Perolini - Affitti Appartamenti Stagionali     
    – MilanHouses                                    
    – Agenzia immobiliare Studio Champoluc           
    – Bonetto Immobiliare                            
    – Immobiliare Monvalle                           
    – Istituto Immobiliare Lombardo                  
    – Tecno Immobiliare                              
    – Futura Elicasa Immobiliare                     
    – Graziato Immobiliare                           
    – Ares Immobiliare                               
    – Soluzione Casa                                 
  Batch 1/10 done
    – Casa & Co.                                     
    – Artecasa                                       
    ✓ Crema Immobiliare                              
https://www.linkedin.com/company/crema-immobiliare/
    – Adriatica                                      
    – Immobiliare Fermi                              
    – Espansione                                     
    – Arianna                                        
    – Agenzia Torre Verde                            
    – Agenzia Immobiliare Cles                       
    – Agenzia Immobiliare Fassa                      
    – Torre Verde                                    
    – Devigigli Immobiliari                          
    ✓ TecnoImmobiliare                               
https://www.linkedin.com/company/tecnoimmobiliare/
    – Chiocciola Immobiliare                         
    – Prima casa                                     
    – Coletti Casa                                   
    ✓ Prestige immobiliare                           
https://www.linkedin.com/company/prestige-immobiliare/
    – Joint                                          
    – Personal Real estate                           
    – Centro immobiliare                             
    – Meeting Casa                                   
    ✓ Intermedia Immobiliare                         
https://www.linkedin.com/company/intermedia-immobiliare/
    – Cooperativa Forlivese di Edificazione          
    – Banca Immobiliare                              
    – SpazioCasa Forlì                               
    – La Vela                                        
    – Domus & Finance                                
    – Agenzia immobiliare Dintorni                   
    – Zentari                                        
    – Redivo                                         
  Batch 2/10 done
    – Immobiliare Alpina                             
    – Marchiori & Contino                            
    – Stimacasa                                      
    – Immobiliare Serani                             
    – Taloni                                         
    – Torre Verde Immobiliari                        
    – Lakeside Realestate                            
    – TrentoCasa                                     
    – B.A.I.T.A. - Belle Abitazioni In Tutta Ayas    
    – Fondocasa                                      
    – Remax                                          
    – Castle Immobiliare                             
    – Caricasa                                       
    – Stefy Immobiliare                              
    – Lidense Immobiliare                            
    – Immobiliare Mansuino                           
    – P.S Mediazioni e servizi immobiliari           
    – Arte di Abitare                                
    – Nicola Zucca                                   
    – L'Ambrosiana                                   
    – Studio Casale di Lorenzo Arrigoni & C.         
    – Agenzia Mediterranea                           
    – Immobiliare Gandolfo                           
    – Vettori Immobilien                             
    – Studio Antey sas                               
    – Immobiliare Guglie                             
    – Tecnocasa affiliato                            
    – Solo Affitti                                   
    – Altavista                                      
    – Agenzia Immobiliare Cortesi                    
  Batch 3/10 done
    ✓ Rexer                                          
https://www.linkedin.com/company/rexer/
    ✓ 051 immobiliare                                
https://www.linkedin.com/company/051-immobiliare/
    ✓ Effegi Gruppo Immobiliare                      
https://www.linkedin.com/company/effegi-gruppo-immobiliare/
    – House Immobiliare                              
    – Obiettivo Casa                                 
    – Gruppo immobiliare Livorno                     
    – La Casa                                        
    – Agenzia La Pineta                              
    – Homes Conegliano                               
    – Lodigiana Case                                 
    – Gallery Immobiliare                            
    – Pitieffe Case                                  
    – Immobiliare House                              
    – Istituto Immobiliare di Roma                   
    – immobiliare Domizil                            
    – Miriam Immobiliare                             
    – Rotunno Immobiliare                            
    – agenzia edilucerna                             
    – 18Montenapoleone                               
    – Casa Mia                                       
    – Ellebi                                         
    – Euro 3 Immobiliare                             
    – So.Ge.Co                                       
    – Alpina immobiliare                             
    – Costantino Immobiliare                         
    – Agenzia Immobiliare Angelini                   
    – Toscano                                        
    – L'Attiko                                       
    – Milano Servizi Immobiliari                     
    – Cuneovalli Immobiliare                         
  Batch 4/10 done
    ✓ Aurimmobil                                     
https://www.linkedin.com/company/aurimmobil/
    – MB Immobiliare                                 
    – Casa della Rosa                                
    – gb Immobiliare                                 
    – MediaCasa                                      
    – Geo Immobiliare                                
    – Castello Immobiliare                           
    – Immobiliare Le Torri                           
    – Agenzia immobiliare Tempocasa                  
    – Riviera Blu Agenzia Immobiliare                
    – Edilcasa                                       
    – DeaCasa                                        
    – Five Consulting Srl                            
    – Casa e Servizio                                
    – Immobiliare Europa                             
    – Guerrazzi Immobiliare                          
    – Regionale Costruzioni e Impianti S.n.c. di M.  
    – Casa Amica                                     
    – Abita                                          
    – Le Case del Lago                               
    – SedeCasa                                       
    – Tonzuso                                        
    – American agency                                
    ✓ Immobiliare Segalerba                          
https://www.linkedin.com/company/immobiliare-segalerba/
    – Studio Paoli                                   
    – WS Group                                       
    – Nuova Levante Casa | Agenzia Immobiliare a La  
    – Area Platinum                                  
    – Immobiliare i90                                
    – Gabetti                                        
  Batch 5/10 done
    – Etna Real Estate                               
    – Royal                                          
    – SOGIM                                          
    – Errecicasa                                     
    – Engel & Völkers                                
    – Ruggieri Case                                  
    – Ms Immobiliare                                 
    – Agenzia Neve                                   
    – Cerchiara                                      
    – La Lombarda                                    
    – Interaffari Immobiliare                        
    – Real Immobiliare                               
    ✓ Bassi Immobiliare                              
https://www.linkedin.com/company/bassi-immobiliare/
    – Gallarotti                                     
    – Grimaldi Immobiliare                           
    ✓ Immobiliare Domus                              
https://www.linkedin.com/company/immobiliare-domus/
    – Immobiliare Casa e Vacanze                     
    – .edilintesa                                    
    – Serenissima Immobiliare                        
    – Immobil Group                                  
    – Mondo Casa                                     
    – Acropoli Immobiliare                           
    – Immobiliare Roero                              
    – Optima                                         
    – Studio Immobiliare Rossoni                     
    – Primacasa                                      
    – Faby Immobiliare                               
    – Il sogno immobiliare                           
    – l'Arca Immobiliare                             
    – Centrocasa                                     
  Batch 6/10 done
    – Olimpia s.r.l.                                 
    – Casa elite                                     
    – Holidays S.r.l.                                
    – Elios Immobiliare                              
    – MyA Casa                                       
    – d-Casa                                         
    ✓ Immobiliare                                    
https://www.linkedin.com/company/immobiliare/
    – One Real Estate                                
    – Rossi Immobiliare                              
    – Generazione Casa                               
    – Vendi casa con me                              
    – Dm soluzioni                                   
    – Rete Immobiliare                               
    – Studio Zara                                    
    ✓ Oberrauch KG                                   
https://www.linkedin.com/company/oberrauch-kg/
    – Royal case                                     
    – Centro Affitti                                 
    – FondoCasa Pavia1                               
    – M Erre Immobiliare                             
    – Intercasa                                      
    – Immobiliare "Prima Casa"                       
    – Immobiliare Eurocasa                           
    – Versal                                         
    – Immobili e Immobili                            
    – Tecnorete - Bussolengo 3 S.r.l.                
    – Easy and House                                 
    – Immobiliare Piasente                           
    – AffittiIn                                      
    – Vendofacile                                    
    – Immobiliare Studio 5                           
  Batch 7/10 done
    – FondImmobiliare                                
    – Studio Idea Casa                               
    – Soluzione Immobiliare                          
    – Studio Valchiusella                            
    – Prealpina                                      
    – Immobiliare S.Pietro                           
    – Venezia                                        
    – Immobiliare San Giorgio                        
    – La Casa Verde                                  
    – Studio San Giorgio                             
    – Monza Centro                                   
    – SM Immobiliare                                 
    – Il Sole                                        
    – Mediaffitti                                    
    – Lattanzio Immobiliare                          
    – Italia Affitti                                 
    – Agenzia Monte & Mare                           
    – San Martino immobiliare                        
    – Art Gestioni                                   
    – EuroCompass                                    
    – Agenzia Immobiliare Rivadossi                  
    – Immobilienagentur Spiss                        
    – Abitare le Marche                              
    – Bardoimmobiliare                               
    – Immobiliare Briante                            
    – Ballantini Paola                               
    – L'arte di abitare                              
    – Immobiliare Il Borgo                           
    – Immobiliare Pianezza                           
    – Abitare Sas                                    
  Batch 8/10 done
    – Quadrifoglio immobiliare                       
    – Il Metroquadro                                 
    – Studio Turotti                                 
    – Kìron                                          
    – Monza Case                                     
    – BauFix                                         
    – SELIMEX Immobilien                             
    – Immobiliare Sanna s.r.l.                       
    – Agenzia Spadoni                                
    – A. Gasperini                                   
    – Property                                       
    – Pedrotti immobiliare                           
    – L'Accordo Immobiliare                          
    – Nordnet                                        
    – Agenzia Immobiliare Tharros                    
    – Pinna e Brunzu                                 
    – Agenzia Viaggi Beraldi                         
    – Andromeda Immobiliare                          
    – cècasa                                         
    – Agenzia Immobiliare Ragagnin Di Mario Ragagni  
    – Urbanlife immobiliare                          
    – Investimenti Immobiliari d.i.                  
    – Agenzia immobiliare Sansoni                    
    – Pica Immobiliare                               
    – Studio Castelli                                
    – Immobiliando                                   
    – ERRE servizi immobiliari                       
    – Urban Immobiliare                              
    – ItalAgency                                     
    – Studiocasa                                     
  Batch 9/10 done
    – Bonatesta Immobiliare Studio Associato         
    – Mavrefin                                       
    – Fondo Casa                                     
    – Studio Immobiliare                             
    – R.A.MO.                                        
    – Immobiliare Bassini                            
    – Tempocasa Seveso                               
    – Immobilgreen                                   
    – Magic Life Immobiliare                         
    – Agenzia Immobiliare Campostrini                
    – Iconacasa                                      
    – Vitale Immobiliare                             
    – ValPrino                                       
    – Bicocca Point                                  
    – Immobiliare Frontini                           
    – Agenzia Immobiliare Trezza - Sede centrale     
    – Agenzia Immobiliare Centocase                  
    – Guerzoni                                       
    – Castrum Tuscany                                
    – Immobiliare New Interhouse                     
    – Studio Ca' bella                               
    – Tecnorete Borgo Trieste                        
    – Parametrocasa - Agenzia Monza Triante          
    – Radovix                                        
    – Topinvest Immobilien                           
    – Retecasa                                       
  Batch 10/10 done

  LinkedIn found: 16/296
  Saved 266 new leads
  CSV → leads_export\leads_IT_Real_Estate.csv

───────────────────────── IT / Logistics & Transport ──────────────────────────

  Discovered 0 companies
────────────────────────────────── All done ───────────────────────────────────
